#
# There is insufficient memory for the Java Runtime Environment to continue.
# Native memory allocation (malloc) failed to allocate 309216 bytes. Error detail: Chunk::new
# Possible reasons:
#   The system is out of physical RAM or swap space
#   This process is running with CompressedOops enabled, and the Java Heap may be blocking the growth of the native heap
# Possible solutions:
#   Reduce memory load on the system
#   Increase physical memory or swap space
#   Check if swap backing store is full
#   Decrease Java heap size (-Xmx/-Xms)
#   Decrease number of Java threads
#   Decrease Java thread stack sizes (-Xss)
#   Set larger code cache with -XX:ReservedCodeCacheSize=
#   JVM is running with Unscaled Compressed Oops mode in which the Java heap is
#     placed in the first 4GB address space. The Java Heap base address is the
#     maximum limit for the native heap growth. Please use -XX:HeapBaseMinAddress
#     to set the Java Heap base and to place the Java Heap above 4GB virtual address.
# This output file may be truncated or incomplete.
#
#  Out of Memory Error (arena.cpp:168), pid=27796, tid=23560
#
# JRE version: OpenJDK Runtime Environment Temurin-21.0.10+7 (21.0.10+7) (build 21.0.10+7-LTS)
# Java VM: OpenJDK 64-Bit Server VM Temurin-21.0.10+7 (21.0.10+7-LTS, mixed mode, sharing, tiered, compressed oops, compressed class ptrs, parallel gc, windows-amd64)
# No core dump will be written. Minidumps are not enabled by default on client versions of Windows
#

---------------  S U M M A R Y ------------

Command Line: --add-modules=ALL-SYSTEM --add-opens=java.base/java.util=ALL-UNNAMED --add-opens=java.base/java.lang=ALL-UNNAMED --add-opens=java.base/sun.nio.fs=ALL-UNNAMED -Declipse.application=org.eclipse.jdt.ls.core.id1 -Dosgi.bundles.defaultStartLevel=4 -Declipse.product=org.eclipse.jdt.ls.core.product -Djava.import.generatesMetadataFilesAtProjectRoot=false -DDetectVMInstallationsJob.disabled=true -Dfile.encoding=utf8 -XX:+UseParallelGC -XX:GCTimeRatio=4 -XX:AdaptiveSizePolicyWeight=90 -Dsun.zip.disableMemoryMapping=true -Xmx2G -Xms100m -Xlog:disable -javaagent:c:\Users\Tyler\.vscode\extensions\redhat.java-1.54.0-win32-x64\lombok\lombok-1.18.39-4050.jar -XX:+HeapDumpOnOutOfMemoryError -XX:HeapDumpPath=c:\Users\Tyler\AppData\Roaming\Code\User\workspaceStorage\cbda682262be416c58290af61ae698e7\redhat.java -Daether.dependencyCollector.impl=bf c:\Users\Tyler\.vscode\extensions\redhat.java-1.54.0-win32-x64\server\plugins\org.eclipse.equinox.launcher_1.7.100.v20251111-0406.jar -configuration c:\Users\Tyler\AppData\Roaming\Code\User\globalStorage\redhat.java\1.54.0\config_win -data c:\Users\Tyler\AppData\Roaming\Code\User\workspaceStorage\cbda682262be416c58290af61ae698e7\redhat.java\jdt_ws --pipe=\\.\pipe\lsp-43914bae18fd0e14cd249936ca5dba6b-sock

Host: AMD Ryzen 9 3900X 12-Core Processor            , 24 cores, 63G,  Windows 11 , 64 bit Build 26100 (10.0.26100.8328)
Time: Mon Jun  8 08:51:20 2026 Central Daylight Time elapsed time: 8.837903 seconds (0d 0h 0m 8s)

---------------  T H R E A D  ---------------

Current thread (0x0000021b9b02e520):  JavaThread "C2 CompilerThread1" daemon [_thread_in_native, id=23560, stack(0x000000afd5a00000,0x000000afd5b00000) (1024K)]


Current CompileTask:
C2:8838 3346       4       java.util.zip.ZipFile$Source::initCEN (612 bytes)

Stack: [0x000000afd5a00000,0x000000afd5b00000]
Native frames: (J=compiled Java code, j=interpreted, Vv=VM code, C=native code)
V  [jvm.dll+0x6d7a39]
V  [jvm.dll+0x8b4b26]
V  [jvm.dll+0x8b70de]
V  [jvm.dll+0x8b77c3]
V  [jvm.dll+0x284346]
V  [jvm.dll+0xc66ed]
V  [jvm.dll+0xc6c31]
V  [jvm.dll+0x2fb29e]
V  [jvm.dll+0x5fe884]
V  [jvm.dll+0x255b17]
V  [jvm.dll+0x255edd]
V  [jvm.dll+0x24e500]
V  [jvm.dll+0x24ba42]
V  [jvm.dll+0x1cb34e]
V  [jvm.dll+0x25b85d]
V  [jvm.dll+0x259dea]
V  [jvm.dll+0x3f857e]
V  [jvm.dll+0x85f59d]
V  [jvm.dll+0x6d626d]
C  [ucrtbase.dll+0x37b0]
C  [KERNEL32.DLL+0x2e957]
C  [ntdll.dll+0x427c]


---------------  P R O C E S S  ---------------

Threads class SMR info:
_java_thread_list=0x0000021b9b2ebad0, length=20, elements={
0x0000021b42093060, 0x0000021b58b1dfa0, 0x0000021b58b1ebb0, 0x0000021b58b2b010,
0x0000021b58b295d0, 0x0000021b58b2a980, 0x0000021b58b2a2f0, 0x0000021b9b0277c0,
0x0000021b9b02d780, 0x0000021b9b02ebf0, 0x0000021b58b29c60, 0x0000021b58b2b6a0,
0x0000021b58b28220, 0x0000021b58b288b0, 0x0000021b58b28f40, 0x0000021ba2506200,
0x0000021ba2506890, 0x0000021ba2506f20, 0x0000021b9b02e520, 0x0000021ba25054e0
}

Java Threads: ( => current thread )
  0x0000021b42093060 JavaThread "main"                              [_thread_blocked, id=32568, stack(0x000000afd4a00000,0x000000afd4b00000) (1024K)]
  0x0000021b58b1dfa0 JavaThread "Reference Handler"          daemon [_thread_blocked, id=11736, stack(0x000000afd4e00000,0x000000afd4f00000) (1024K)]
  0x0000021b58b1ebb0 JavaThread "Finalizer"                  daemon [_thread_blocked, id=18740, stack(0x000000afd4f00000,0x000000afd5000000) (1024K)]
  0x0000021b58b2b010 JavaThread "Signal Dispatcher"          daemon [_thread_blocked, id=9260, stack(0x000000afd5000000,0x000000afd5100000) (1024K)]
  0x0000021b58b295d0 JavaThread "Attach Listener"            daemon [_thread_blocked, id=8360, stack(0x000000afd5100000,0x000000afd5200000) (1024K)]
  0x0000021b58b2a980 JavaThread "Service Thread"             daemon [_thread_blocked, id=15356, stack(0x000000afd5200000,0x000000afd5300000) (1024K)]
  0x0000021b58b2a2f0 JavaThread "Monitor Deflation Thread"   daemon [_thread_blocked, id=23840, stack(0x000000afd5300000,0x000000afd5400000) (1024K)]
  0x0000021b9b0277c0 JavaThread "C2 CompilerThread0"         daemon [_thread_blocked, id=19460, stack(0x000000afd5400000,0x000000afd5500000) (1024K)]
  0x0000021b9b02d780 JavaThread "C1 CompilerThread0"         daemon [_thread_blocked, id=3248, stack(0x000000afd5500000,0x000000afd5600000) (1024K)]
  0x0000021b9b02ebf0 JavaThread "C1 CompilerThread1"         daemon [_thread_blocked, id=34480, stack(0x000000afd5600000,0x000000afd5700000) (1024K)]
  0x0000021b58b29c60 JavaThread "Common-Cleaner"             daemon [_thread_blocked, id=26444, stack(0x000000afd5900000,0x000000afd5a00000) (1024K)]
  0x0000021b58b2b6a0 JavaThread "Notification Thread"        daemon [_thread_blocked, id=9528, stack(0x000000afd5b00000,0x000000afd5c00000) (1024K)]
  0x0000021b58b28220 JavaThread "Active Thread: Equinox Container: 466fd3b9-5bcc-40b5-96dc-fae4b987252d"        [_thread_blocked, id=25876, stack(0x000000afd6400000,0x000000afd6500000) (1024K)]
  0x0000021b58b288b0 JavaThread "Refresh Thread: Equinox Container: 466fd3b9-5bcc-40b5-96dc-fae4b987252d" daemon [_thread_blocked, id=26240, stack(0x000000afd6600000,0x000000afd6700000) (1024K)]
  0x0000021b58b28f40 JavaThread "Framework Event Dispatcher: Equinox Container: 466fd3b9-5bcc-40b5-96dc-fae4b987252d" daemon [_thread_blocked, id=6368, stack(0x000000afd6700000,0x000000afd6800000) (1024K)]
  0x0000021ba2506200 JavaThread "Start Level: Equinox Container: 466fd3b9-5bcc-40b5-96dc-fae4b987252d" daemon [_thread_blocked, id=13592, stack(0x000000afd6800000,0x000000afd6900000) (1024K)]
  0x0000021ba2506890 JavaThread "Bundle File Closer"         daemon [_thread_blocked, id=30404, stack(0x000000afd6c00000,0x000000afd6d00000) (1024K)]
  0x0000021ba2506f20 JavaThread "SCR Component Actor"        daemon [_thread_blocked, id=19792, stack(0x000000afd5800000,0x000000afd5900000) (1024K)]
=>0x0000021b9b02e520 JavaThread "C2 CompilerThread1"         daemon [_thread_in_native, id=23560, stack(0x000000afd5a00000,0x000000afd5b00000) (1024K)]
  0x0000021ba25054e0 JavaThread "Worker-JM"                         [_thread_blocked, id=11812, stack(0x000000afd5700000,0x000000afd5800000) (1024K)]
Total: 20

Other Threads:
  0x0000021b9b0194e0 VMThread "VM Thread"                           [id=31660, stack(0x000000afd4d00000,0x000000afd4e00000) (1024K)]
  0x0000021b58a0ca00 WatcherThread "VM Periodic Task Thread"        [id=27228, stack(0x000000afd4c00000,0x000000afd4d00000) (1024K)]
  0x0000021b420a86a0 WorkerThread "GC Thread#0"                     [id=7256, stack(0x000000afd4b00000,0x000000afd4c00000) (1024K)]
  0x0000021ba2bfd9f0 WorkerThread "GC Thread#1"                     [id=24108, stack(0x000000afd5e00000,0x000000afd5f00000) (1024K)]
  0x0000021ba2682f20 WorkerThread "GC Thread#2"                     [id=16772, stack(0x000000afd5f00000,0x000000afd6000000) (1024K)]
  0x0000021ba26832d0 WorkerThread "GC Thread#3"                     [id=4072, stack(0x000000afd6000000,0x000000afd6100000) (1024K)]
  0x0000021ba2683680 WorkerThread "GC Thread#4"                     [id=20988, stack(0x000000afd6100000,0x000000afd6200000) (1024K)]
  0x0000021ba249feb0 WorkerThread "GC Thread#5"                     [id=17732, stack(0x000000afd6200000,0x000000afd6300000) (1024K)]
  0x0000021ba24a0670 WorkerThread "GC Thread#6"                     [id=16800, stack(0x000000afd6300000,0x000000afd6400000) (1024K)]
  0x0000021ba2ce7150 WorkerThread "GC Thread#7"                     [id=12924, stack(0x000000afd6500000,0x000000afd6600000) (1024K)]
  0x0000021ba2cce030 WorkerThread "GC Thread#8"                     [id=21888, stack(0x000000afd6900000,0x000000afd6a00000) (1024K)]
  0x0000021ba2df12b0 WorkerThread "GC Thread#9"                     [id=25576, stack(0x000000afd6a00000,0x000000afd6b00000) (1024K)]
  0x0000021ba2df1660 WorkerThread "GC Thread#10"                    [id=8008, stack(0x000000afd6b00000,0x000000afd6c00000) (1024K)]
Total: 13

Threads with active compile tasks:
C2 CompilerThread0  8851 3377   !   4       java.util.concurrent.ConcurrentHashMap::transfer (849 bytes)
C2 CompilerThread1  8851 3346       4       java.util.zip.ZipFile$Source::initCEN (612 bytes)
Total: 2

VM state: at safepoint (normal execution)

VM Mutex/Monitor currently owned by a thread:  ([mutex/lock_event])
[0x00007ffcd5e8e560] Threads_lock - owner thread: 0x0000021b9b0194e0
[0x00007ffcd5e8e660] Heap_lock - owner thread: 0x0000021ba25054e0

Heap address: 0x0000000080000000, size: 2048 MB, Compressed Oops mode: 32-bit

CDS archive(s) mapped at: [0x0000021b59000000-0x0000021b59ba0000-0x0000021b59ba0000), size 12189696, SharedBaseAddress: 0x0000021b59000000, ArchiveRelocationMode: 1.
Compressed class space mapped at: 0x0000021b5a000000-0x0000021b9a000000, reserved size: 1073741824
Narrow klass base: 0x0000021b59000000, Narrow klass shift: 0, Narrow klass range: 0x100000000

GC Precious Log:
 CardTable entry size: 512
 CPUs: 24 total, 24 available
 Memory: 65424M
 Large Page Support: Disabled
 NUMA Support: Disabled
 Compressed Oops: Enabled (32-bit)
 Alignments: Space 512K, Generation 512K, Heap 2M
 Heap Min Capacity: 100M
 Heap Initial Capacity: 100M
 Heap Max Capacity: 2G
 Pre-touch: Disabled
 Parallel Workers: 18

Heap:
 PSYoungGen      total 29696K, used 29691K [0x00000000d5580000, 0x00000000d7680000, 0x0000000100000000)
  eden space 25600K, 100% used [0x00000000d5580000,0x00000000d6e80000,0x00000000d6e80000)
  from space 4096K, 99% used [0x00000000d7280000,0x00000000d767ee10,0x00000000d7680000)
  to   space 4096K, 99% used [0x00000000d6e80000,0x00000000d7278878,0x00000000d7280000)
 ParOldGen       total 68608K, used 7332K [0x0000000080000000, 0x0000000084300000, 0x00000000d5580000)
  object space 68608K, 10% used [0x0000000080000000,0x00000000807290b8,0x0000000084300000)
 Metaspace       used 14178K, committed 14720K, reserved 1114112K
  class space    used 1448K, committed 1664K, reserved 1048576K

Card table byte_map: [0x0000021b41a50000,0x0000021b41e60000] _byte_map_base: 0x0000021b41650000

Marking Bits: (ParMarkBitMap*) 0x00007ffcd5e93450
 Begin Bits: [0x0000021b54530000, 0x0000021b56530000)
 End Bits:   [0x0000021b56530000, 0x0000021b58530000)

Polling page: 0x0000021b41840000

Metaspace:

Usage:
  Non-class:     12.43 MB used.
      Class:      1.41 MB used.
       Both:     13.85 MB used.

Virtual space:
  Non-class space:       64.00 MB reserved,      12.75 MB ( 20%) committed,  1 nodes.
      Class space:        1.00 GB reserved,       1.62 MB ( <1%) committed,  1 nodes.
             Both:        1.06 GB reserved,      14.38 MB (  1%) committed. 

Chunk freelists:
   Non-Class:  2.73 MB
       Class:  14.42 MB
        Both:  17.16 MB

MaxMetaspaceSize: unlimited
CompressedClassSpaceSize: 1.00 GB
Initial GC threshold: 21.00 MB
Current GC threshold: 21.00 MB
CDS: on
 - commit_granule_bytes: 65536.
 - commit_granule_words: 8192.
 - virtual_space_node_default_size: 8388608.
 - enlarge_chunks_in_place: 1.
 - use_allocation_guard: 0.


Internal statistics:

num_allocs_failed_limit: 0.
num_arena_births: 362.
num_arena_deaths: 0.
num_vsnodes_births: 2.
num_vsnodes_deaths: 0.
num_space_committed: 230.
num_space_uncommitted: 0.
num_chunks_returned_to_freelist: 0.
num_chunks_taken_from_freelist: 828.
num_chunk_merges: 0.
num_chunk_splits: 512.
num_chunks_enlarged: 330.
num_inconsistent_stats: 0.

CodeHeap 'non-profiled nmethods': size=119168Kb used=1433Kb max_used=1433Kb free=117734Kb
 bounds [0x0000021b4ce20000, 0x0000021b4d090000, 0x0000021b54280000]
CodeHeap 'profiled nmethods': size=119104Kb used=7021Kb max_used=7021Kb free=112082Kb
 bounds [0x0000021b45280000, 0x0000021b45960000, 0x0000021b4c6d0000]
CodeHeap 'non-nmethods': size=7488Kb used=1813Kb max_used=2960Kb free=5674Kb
 bounds [0x0000021b4c6d0000, 0x0000021b4c9c0000, 0x0000021b4ce20000]
CodeCache: size=245760Kb, used=10267Kb, max_used=11414Kb, free=235490Kb
 total_blobs=3899, nmethods=3380, adapters=424, full_count=0
Compilation: enabled, stopped_count=0, restarted_count=0

Compilation events (20 events):
Event: 5.795 Thread 0x0000021b9b02de50 nmethod 3357 0x0000021b4594ff10 code [0x0000021b459500e0, 0x0000021b45950408]
Event: 5.795 Thread 0x0000021b9b02ebf0 nmethod 3359 0x0000021b45950590 code [0x0000021b45950760, 0x0000021b459509d0]
Event: 5.797 Thread 0x0000021b9b02bc40 3361       4       java.lang.ThreadLocal::get (35 bytes)
Event: 5.798 Thread 0x0000021b9b02bc40 nmethod 3361 0x0000021b4cf85610 code [0x0000021b4cf857c0, 0x0000021b4cf85948]
Event: 7.118 Thread 0x0000021b9b02de50 3362       3       jdk.internal.misc.Unsafe::weakCompareAndSetReference (11 bytes)
Event: 7.118 Thread 0x0000021b9b02de50 nmethod 3362 0x0000021b45950a90 code [0x0000021b45950c20, 0x0000021b45950d60]
Event: 7.555 Thread 0x0000021b9b02d780 3364       3       jdk.internal.misc.Unsafe::putReferenceOpaque (9 bytes)
Event: 7.555 Thread 0x0000021b9b02d780 nmethod 3364 0x0000021b45950e10 code [0x0000021b45950fa0, 0x0000021b459510d0]
Event: 7.618 Thread 0x0000021b9b02d780 3365       3       java.util.concurrent.locks.LockSupport::setBlocker (12 bytes)
Event: 7.618 Thread 0x0000021b9b02d780 nmethod 3365 0x0000021b45951190 code [0x0000021b45951340, 0x0000021b45951548]
Event: 8.727 Thread 0x0000021b9b02d780 3369       3       java.util.concurrent.ScheduledThreadPoolExecutor$ScheduledFutureTask::compareTo (101 bytes)
Event: 8.727 Thread 0x0000021b9b02ebf0 3368       3       java.util.concurrent.ScheduledThreadPoolExecutor$ScheduledFutureTask::compareTo (9 bytes)
Event: 8.727 Thread 0x0000021b9b02ebf0 nmethod 3368 0x0000021b45951610 code [0x0000021b459517c0, 0x0000021b45951a20]
Event: 8.727 Thread 0x0000021b9b02ebf0 3371       3       java.util.concurrent.ScheduledThreadPoolExecutor$DelayedWorkQueue::setIndex (16 bytes)
Event: 8.727 Thread 0x0000021b9b02ebf0 nmethod 3371 0x0000021b45951b10 code [0x0000021b45951cc0, 0x0000021b45951fc8]
Event: 8.727 Thread 0x0000021b9b02d780 nmethod 3369 0x0000021b45952090 code [0x0000021b459522c0, 0x0000021b459529d8]
Event: 8.727 Thread 0x0000021b9b02d780 3372       3       java.util.concurrent.ThreadPoolExecutor::runStateAtLeast (11 bytes)
Event: 8.727 Thread 0x0000021b9b02ebf0 3370       3       org.apache.felix.scr.impl.logger.ScrLogManager$ScrLoggerFacade::log (16 bytes)
Event: 8.727 Thread 0x0000021b9b02d780 nmethod 3372 0x0000021b45952b90 code [0x0000021b45952d20, 0x0000021b45952e60]
Event: 8.727 Thread 0x0000021b9b02ebf0 nmethod 3370 0x0000021b45952f10 code [0x0000021b459530e0, 0x0000021b459532e0]

GC Heap History (8 events):
Event: 0.414 GC heap before
{Heap before GC invocations=1 (full 0):
 PSYoungGen      total 29696K, used 25600K [0x00000000d5580000, 0x00000000d7680000, 0x0000000100000000)
  eden space 25600K, 100% used [0x00000000d5580000,0x00000000d6e80000,0x00000000d6e80000)
  from space 4096K, 0% used [0x00000000d7280000,0x00000000d7280000,0x00000000d7680000)
  to   space 4096K, 0% used [0x00000000d6e80000,0x00000000d6e80000,0x00000000d7280000)
 ParOldGen       total 68608K, used 0K [0x0000000080000000, 0x0000000084300000, 0x00000000d5580000)
  object space 68608K, 0% used [0x0000000080000000,0x0000000080000000,0x0000000084300000)
 Metaspace       used 4154K, committed 4416K, reserved 1114112K
  class space    used 453K, committed 576K, reserved 1048576K
}
Event: 0.418 GC heap after
{Heap after GC invocations=1 (full 0):
 PSYoungGen      total 29696K, used 3708K [0x00000000d5580000, 0x00000000d7680000, 0x0000000100000000)
  eden space 25600K, 0% used [0x00000000d5580000,0x00000000d5580000,0x00000000d6e80000)
  from space 4096K, 90% used [0x00000000d6e80000,0x00000000d721f000,0x00000000d7280000)
  to   space 4096K, 0% used [0x00000000d7280000,0x00000000d7280000,0x00000000d7680000)
 ParOldGen       total 68608K, used 16K [0x0000000080000000, 0x0000000084300000, 0x00000000d5580000)
  object space 68608K, 0% used [0x0000000080000000,0x0000000080004000,0x0000000084300000)
 Metaspace       used 4154K, committed 4416K, reserved 1114112K
  class space    used 453K, committed 576K, reserved 1048576K
}
Event: 0.712 GC heap before
{Heap before GC invocations=2 (full 0):
 PSYoungGen      total 29696K, used 29308K [0x00000000d5580000, 0x00000000d7680000, 0x0000000100000000)
  eden space 25600K, 100% used [0x00000000d5580000,0x00000000d6e80000,0x00000000d6e80000)
  from space 4096K, 90% used [0x00000000d6e80000,0x00000000d721f000,0x00000000d7280000)
  to   space 4096K, 0% used [0x00000000d7280000,0x00000000d7280000,0x00000000d7680000)
 ParOldGen       total 68608K, used 16K [0x0000000080000000, 0x0000000084300000, 0x00000000d5580000)
  object space 68608K, 0% used [0x0000000080000000,0x0000000080004000,0x0000000084300000)
 Metaspace       used 7806K, committed 8128K, reserved 1114112K
  class space    used 807K, committed 960K, reserved 1048576K
}
Event: 0.717 GC heap after
{Heap after GC invocations=2 (full 0):
 PSYoungGen      total 29696K, used 4073K [0x00000000d5580000, 0x00000000d7680000, 0x0000000100000000)
  eden space 25600K, 0% used [0x00000000d5580000,0x00000000d5580000,0x00000000d6e80000)
  from space 4096K, 99% used [0x00000000d7280000,0x00000000d767a4f8,0x00000000d7680000)
  to   space 4096K, 0% used [0x00000000d6e80000,0x00000000d6e80000,0x00000000d7280000)
 ParOldGen       total 68608K, used 2037K [0x0000000080000000, 0x0000000084300000, 0x00000000d5580000)
  object space 68608K, 2% used [0x0000000080000000,0x00000000801fd6b8,0x0000000084300000)
 Metaspace       used 7806K, committed 8128K, reserved 1114112K
  class space    used 807K, committed 960K, reserved 1048576K
}
Event: 0.931 GC heap before
{Heap before GC invocations=3 (full 0):
 PSYoungGen      total 29696K, used 29673K [0x00000000d5580000, 0x00000000d7680000, 0x0000000100000000)
  eden space 25600K, 100% used [0x00000000d5580000,0x00000000d6e80000,0x00000000d6e80000)
  from space 4096K, 99% used [0x00000000d7280000,0x00000000d767a4f8,0x00000000d7680000)
  to   space 4096K, 0% used [0x00000000d6e80000,0x00000000d6e80000,0x00000000d7280000)
 ParOldGen       total 68608K, used 2037K [0x0000000080000000, 0x0000000084300000, 0x00000000d5580000)
  object space 68608K, 2% used [0x0000000080000000,0x00000000801fd6b8,0x0000000084300000)
 Metaspace       used 9498K, committed 9792K, reserved 1114112K
  class space    used 1009K, committed 1152K, reserved 1048576K
}
Event: 0.934 GC heap after
{Heap after GC invocations=3 (full 0):
 PSYoungGen      total 29696K, used 4075K [0x00000000d5580000, 0x00000000d7680000, 0x0000000100000000)
  eden space 25600K, 0% used [0x00000000d5580000,0x00000000d5580000,0x00000000d6e80000)
  from space 4096K, 99% used [0x00000000d6e80000,0x00000000d727adb0,0x00000000d7280000)
  to   space 4096K, 0% used [0x00000000d7280000,0x00000000d7280000,0x00000000d7680000)
 ParOldGen       total 68608K, used 4173K [0x0000000080000000, 0x0000000084300000, 0x00000000d5580000)
  object space 68608K, 6% used [0x0000000080000000,0x0000000080413420,0x0000000084300000)
 Metaspace       used 9498K, committed 9792K, reserved 1114112K
  class space    used 1009K, committed 1152K, reserved 1048576K
}
Event: 3.421 GC heap before
{Heap before GC invocations=4 (full 0):
 PSYoungGen      total 29696K, used 29675K [0x00000000d5580000, 0x00000000d7680000, 0x0000000100000000)
  eden space 25600K, 100% used [0x00000000d5580000,0x00000000d6e80000,0x00000000d6e80000)
  from space 4096K, 99% used [0x00000000d6e80000,0x00000000d727adb0,0x00000000d7280000)
  to   space 4096K, 0% used [0x00000000d7280000,0x00000000d7280000,0x00000000d7680000)
 ParOldGen       total 68608K, used 4173K [0x0000000080000000, 0x0000000084300000, 0x00000000d5580000)
  object space 68608K, 6% used [0x0000000080000000,0x0000000080413420,0x0000000084300000)
 Metaspace       used 11185K, committed 11520K, reserved 1114112K
  class space    used 1172K, committed 1344K, reserved 1048576K
}
Event: 3.424 GC heap after
{Heap after GC invocations=4 (full 0):
 PSYoungGen      total 29696K, used 4091K [0x00000000d5580000, 0x00000000d7680000, 0x0000000100000000)
  eden space 25600K, 0% used [0x00000000d5580000,0x00000000d5580000,0x00000000d6e80000)
  from space 4096K, 99% used [0x00000000d7280000,0x00000000d767ee10,0x00000000d7680000)
  to   space 4096K, 0% used [0x00000000d6e80000,0x00000000d6e80000,0x00000000d7280000)
 ParOldGen       total 68608K, used 6749K [0x0000000080000000, 0x0000000084300000, 0x00000000d5580000)
  object space 68608K, 9% used [0x0000000080000000,0x0000000080697498,0x0000000084300000)
 Metaspace       used 11185K, committed 11520K, reserved 1114112K
  class space    used 1172K, committed 1344K, reserved 1048576K
}

Dll operation events (9 events):
Event: 0.008 Loaded shared library c:\Users\Tyler\.vscode\extensions\redhat.java-1.54.0-win32-x64\jre\21.0.10-win32-x86_64\bin\java.dll
Event: 0.080 Loaded shared library c:\Users\Tyler\.vscode\extensions\redhat.java-1.54.0-win32-x64\jre\21.0.10-win32-x86_64\bin\zip.dll
Event: 0.093 Loaded shared library C:\Users\Tyler\.vscode\extensions\redhat.java-1.54.0-win32-x64\jre\21.0.10-win32-x86_64\bin\instrument.dll
Event: 0.096 Loaded shared library C:\Users\Tyler\.vscode\extensions\redhat.java-1.54.0-win32-x64\jre\21.0.10-win32-x86_64\bin\net.dll
Event: 0.098 Loaded shared library C:\Users\Tyler\.vscode\extensions\redhat.java-1.54.0-win32-x64\jre\21.0.10-win32-x86_64\bin\nio.dll
Event: 0.100 Loaded shared library C:\Users\Tyler\.vscode\extensions\redhat.java-1.54.0-win32-x64\jre\21.0.10-win32-x86_64\bin\zip.dll
Event: 0.110 Loaded shared library C:\Users\Tyler\.vscode\extensions\redhat.java-1.54.0-win32-x64\jre\21.0.10-win32-x86_64\bin\jimage.dll
Event: 0.155 Loaded shared library c:\Users\Tyler\.vscode\extensions\redhat.java-1.54.0-win32-x64\jre\21.0.10-win32-x86_64\bin\verify.dll
Event: 0.771 Loaded shared library C:\Users\Tyler\AppData\Roaming\Code\User\globalStorage\redhat.java\1.54.0\config_win\org.eclipse.equinox.launcher\org.eclipse.equinox.launcher.win32.win32.x86_64_1.3.0.v20260203-2149\eclipse_11919.dll

Deoptimization events (20 events):
Event: 3.657 Thread 0x0000021ba2506200 DEOPT PACKING pc=0x0000021b4cf6259c sp=0x000000afd68f8c10
Event: 3.657 Thread 0x0000021ba2506200 DEOPT UNPACKING pc=0x0000021b4c723aa2 sp=0x000000afd68f8ba8 mode 2
Event: 3.657 Thread 0x0000021ba2506200 Uncommon trap: trap_request=0xffffff45 fr.pc=0x0000021b4cf6097c relative=0x00000000000000dc
Event: 3.657 Thread 0x0000021ba2506200 Uncommon trap: reason=unstable_if action=reinterpret pc=0x0000021b4cf6097c method=com.sun.org.apache.xerces.internal.impl.XMLEntityScanner.peekChar()I @ 51 c2
Event: 3.657 Thread 0x0000021ba2506200 DEOPT PACKING pc=0x0000021b4cf6097c sp=0x000000afd68f8b60
Event: 3.657 Thread 0x0000021ba2506200 DEOPT UNPACKING pc=0x0000021b4c723aa2 sp=0x000000afd68f8ae8 mode 2
Event: 3.673 Thread 0x0000021ba2506200 Uncommon trap: trap_request=0xffffffcc fr.pc=0x0000021b4cf5cb3c relative=0x00000000000001fc
Event: 3.673 Thread 0x0000021ba2506200 Uncommon trap: reason=intrinsic_or_type_checked_inlining action=make_not_entrant pc=0x0000021b4cf5cb3c method=java.util.Arrays.copyOf([Ljava/lang/Object;ILjava/lang/Class;)[Ljava/lang/Object; @ 35 c2
Event: 3.673 Thread 0x0000021ba2506200 DEOPT PACKING pc=0x0000021b4cf5cb3c sp=0x000000afd68fbef0
Event: 3.673 Thread 0x0000021ba2506200 DEOPT UNPACKING pc=0x0000021b4c723aa2 sp=0x000000afd68fbe80 mode 2
Event: 3.699 Thread 0x0000021ba2506200 Uncommon trap: trap_request=0xffffff45 fr.pc=0x0000021b4cf646a8 relative=0x0000000000000428
Event: 3.699 Thread 0x0000021ba2506200 Uncommon trap: reason=unstable_if action=reinterpret pc=0x0000021b4cf646a8 method=com.sun.org.apache.xerces.internal.impl.XMLEntityScanner.scanLiteral(ILcom/sun/org/apache/xerces/internal/xni/XMLString;Z)I @ 299 c2
Event: 3.699 Thread 0x0000021ba2506200 DEOPT PACKING pc=0x0000021b4cf646a8 sp=0x000000afd68fdbb0
Event: 3.699 Thread 0x0000021ba2506200 DEOPT UNPACKING pc=0x0000021b4c723aa2 sp=0x000000afd68fdb40 mode 2
Event: 5.785 Thread 0x0000021ba2506200 DEOPT PACKING pc=0x0000021b456dfc1f sp=0x000000afd68fe0d0
Event: 5.785 Thread 0x0000021ba2506200 DEOPT UNPACKING pc=0x0000021b4c724242 sp=0x000000afd68fd640 mode 0
Event: 5.794 Thread 0x0000021ba2506200 Uncommon trap: trap_request=0xffffff45 fr.pc=0x0000021b4cefda8c relative=0x000000000000006c
Event: 5.794 Thread 0x0000021ba2506200 Uncommon trap: reason=unstable_if action=reinterpret pc=0x0000021b4cefda8c method=java.util.Objects.equals(Ljava/lang/Object;Ljava/lang/Object;)Z @ 6 c2
Event: 5.794 Thread 0x0000021ba2506200 DEOPT PACKING pc=0x0000021b4cefda8c sp=0x000000afd68f9020
Event: 5.794 Thread 0x0000021ba2506200 DEOPT UNPACKING pc=0x0000021b4c723aa2 sp=0x000000afd68f8fc0 mode 2

Classes loaded (20 events):
Event: 3.486 Loading class java/util/stream/ReduceOps$8ReducingSink
Event: 3.486 Loading class java/util/stream/Sink$OfLong
Event: 3.486 Loading class java/util/stream/Sink$OfLong done
Event: 3.486 Loading class java/util/stream/ReduceOps$8ReducingSink done
Event: 3.486 Loading class java/util/stream/ReferencePipeline$5$1
Event: 3.486 Loading class java/util/stream/ReferencePipeline$5$1 done
Event: 3.494 Loading class java/lang/invoke/DirectMethodHandle$StaticAccessor
Event: 3.494 Loading class java/lang/invoke/DirectMethodHandle$StaticAccessor done
Event: 3.498 Loading class java/lang/IllegalCallerException
Event: 3.498 Loading class java/lang/IllegalCallerException done
Event: 3.501 Loading class java/lang/invoke/DirectMethodHandle$1
Event: 3.501 Loading class java/lang/invoke/DirectMethodHandle$1 done
Event: 3.503 Loading class org/xml/sax/SAXParseException
Event: 3.503 Loading class org/xml/sax/SAXParseException done
Event: 3.680 Loading class java/nio/file/NoSuchFileException
Event: 3.680 Loading class java/nio/file/FileSystemException
Event: 3.680 Loading class java/nio/file/FileSystemException done
Event: 3.680 Loading class java/nio/file/NoSuchFileException done
Event: 3.707 Loading class java/lang/Process
Event: 3.707 Loading class java/lang/Process done

Classes unloaded (0 events):
No events

Classes redefined (0 events):
No events

Internal exceptions (20 events):
Event: 0.649 Thread 0x0000021b42093060 Exception <a 'java/lang/NoSuchMethodError'{0x00000000d681a5b8}: 'int java.lang.invoke.DirectMethodHandle$Holder.invokeStaticInit(java.lang.Object, java.lang.Object, java.lang.Object, java.lang.Object)'> (0x00000000d681a5b8) 
thrown [s\src\hotspot\share\interpreter\linkResolver.cpp, line 773]
Event: 0.650 Thread 0x0000021b42093060 Exception <a 'java/lang/IncompatibleClassChangeError'{0x00000000d68229c0}: Found class java.lang.Object, but interface was expected> (0x00000000d68229c0) 
thrown [s\src\hotspot\share\interpreter\linkResolver.cpp, line 840]
Event: 0.650 Thread 0x0000021b42093060 Exception <a 'java/lang/NoSuchMethodError'{0x00000000d6828f70}: 'void java.lang.invoke.DirectMethodHandle$Holder.invokeStaticInit(java.lang.Object, java.lang.Object)'> (0x00000000d6828f70) 
thrown [s\src\hotspot\share\interpreter\linkResolver.cpp, line 773]
Event: 0.650 Thread 0x0000021b42093060 Exception <a 'java/lang/NoSuchMethodError'{0x00000000d6832368}: 'int java.lang.invoke.DirectMethodHandle$Holder.invokeStaticInit(java.lang.Object, java.lang.Object)'> (0x00000000d6832368) 
thrown [s\src\hotspot\share\interpreter\linkResolver.cpp, line 773]
Event: 0.673 Thread 0x0000021b42093060 Exception <a 'java/lang/NoSuchMethodError'{0x00000000d6a82a08}: 'java.lang.Object java.lang.invoke.DirectMethodHandle$Holder.newInvokeSpecial(java.lang.Object, int, java.lang.Object)'> (0x00000000d6a82a08) 
thrown [s\src\hotspot\share\interpreter\linkResolver.cpp, line 773]
Event: 0.692 Thread 0x0000021b42093060 Exception <a 'java/lang/ClassNotFoundException'{0x00000000d6c9acd0}: sun/net/www/protocol/plurl/Handler> (0x00000000d6c9acd0) 
thrown [s\src\hotspot\share\classfile\systemDictionary.cpp, line 312]
Event: 0.692 Thread 0x0000021b42093060 Exception <a 'java/lang/ClassNotFoundException'{0x00000000d6c9bb50}: sun/net/www/protocol/plurl/Handler> (0x00000000d6c9bb50) 
thrown [s\src\hotspot\share\classfile\systemDictionary.cpp, line 312]
Event: 0.769 Thread 0x0000021b42093060 Exception <a 'java/lang/UnsatisfiedLinkError'{0x00000000d58e43c8}: 'void org.eclipse.equinox.launcher.JNIBridge._update_splash()'> (0x00000000d58e43c8) 
thrown [s\src\hotspot\share\prims\nativeLookup.cpp, line 415]
Event: 0.785 Thread 0x0000021b58b288b0 Exception <a 'java/lang/NoSuchMethodError'{0x00000000d5b4cef8}: 'void java.lang.invoke.DirectMethodHandle$Holder.invokeInterface(java.lang.Object, java.lang.Object, java.lang.Object)'> (0x00000000d5b4cef8) 
thrown [s\src\hotspot\share\interpreter\linkResolver.cpp, line 773]
Event: 0.824 Thread 0x0000021ba2506200 Exception <a 'java/lang/NoSuchMethodError'{0x00000000d5f6d4c0}: 'java.lang.Object java.lang.invoke.DirectMethodHandle$Holder.newInvokeSpecial(java.lang.Object, java.lang.Object, int, java.lang.Object)'> (0x00000000d5f6d4c0) 
thrown [s\src\hotspot\share\interpreter\linkResolver.cpp, line 773]
Event: 0.825 Thread 0x0000021ba2506200 Exception <a 'java/lang/NoSuchMethodError'{0x00000000d5f712f0}: 'java.lang.Object java.lang.invoke.DirectMethodHandle$Holder.invokeSpecial(java.lang.Object, java.lang.Object, java.lang.Object, int, java.lang.Object)'> (0x00000000d5f712f0) 
thrown [s\src\hotspot\share\interpreter\linkResolver.cpp, line 773]
Event: 0.837 Thread 0x0000021ba2506200 Exception <a 'java/lang/NoClassDefFoundError'{0x00000000d6019130}: jakarta/servlet/ServletContainerInitializer> (0x00000000d6019130) 
thrown [s\src\hotspot\share\classfile\systemDictionary.cpp, line 301]
Event: 0.850 Thread 0x0000021ba2506200 Exception <a 'java/lang/NoSuchMethodError'{0x00000000d6144938}: 'java.lang.Object java.lang.invoke.DirectMethodHandle$Holder.invokeStatic(java.lang.Object, int, java.lang.Object)'> (0x00000000d6144938) 
thrown [s\src\hotspot\share\interpreter\linkResolver.cpp, line 773]
Event: 0.854 Thread 0x0000021ba2506200 Exception <a 'java/lang/ClassNotFoundException'{0x00000000d61b0cf8}: sun/util/logging/resources/spi/loggingProvider> (0x00000000d61b0cf8) 
thrown [s\src\hotspot\share\classfile\systemDictionary.cpp, line 312]
Event: 3.395 Thread 0x0000021ba2506200 Exception <a 'java/lang/NullPointerException'{0x00000000d6ae2618}> (0x00000000d6ae2618) 
thrown [s\src\hotspot\share\interpreter\linkResolver.cpp, line 1372]
Event: 3.395 Thread 0x0000021ba2506200 Exception <a 'java/lang/NullPointerException'{0x00000000d6ae28f8}> (0x00000000d6ae28f8) 
thrown [s\src\hotspot\share\interpreter\linkResolver.cpp, line 1372]
Event: 3.485 Thread 0x0000021ba2506200 Exception <a 'java/lang/NoSuchMethodError'{0x00000000d5bdc230}: 'long java.lang.invoke.DirectMethodHandle$Holder.invokeSpecial(java.lang.Object, java.lang.Object)'> (0x00000000d5bdc230) 
thrown [s\src\hotspot\share\interpreter\linkResolver.cpp, line 773]
Event: 3.495 Thread 0x0000021ba2506200 Exception <a 'java/lang/NoSuchMethodError'{0x00000000d5c9d750}: 'void java.lang.invoke.Invokers$Holder.invokeExact_MT(java.lang.Object, java.lang.Object, java.lang.Object)'> (0x00000000d5c9d750) 
thrown [s\src\hotspot\share\interpreter\linkResolver.cpp, line 773]
Event: 3.685 Thread 0x0000021ba2506200 Exception <a 'java/io/FileNotFoundException'{0x00000000d65dde68}> (0x00000000d65dde68) 
thrown [s\src\hotspot\share\prims\jni.cpp, line 520]
Event: 5.782 Thread 0x0000021ba2506200 Exception <a 'java/lang/NoSuchMethodError'{0x00000000d6ac15e0}: 'java.lang.Object java.lang.invoke.Invokers$Holder.linkToTargetMethod(java.lang.Object, long, java.lang.Object)'> (0x00000000d6ac15e0) 
thrown [s\src\hotspot\share\interpreter\linkResolver.cpp, line 773]

ZGC Phase Switch (0 events):
No events

VM Operations (20 events):
Event: 0.865 Executing non-safepoint VM operation: HandshakeAllThreads (Deoptimize) done
Event: 0.873 Executing non-safepoint VM operation: HandshakeAllThreads (Deoptimize)
Event: 0.873 Executing non-safepoint VM operation: HandshakeAllThreads (Deoptimize) done
Event: 0.931 Executing safepoint VM operation: ParallelGCFailedAllocation (Allocation Failure)
Event: 0.934 Executing safepoint VM operation: ParallelGCFailedAllocation (Allocation Failure) done
Event: 1.140 Executing non-safepoint VM operation: HandshakeAllThreads (Deoptimize)
Event: 1.140 Executing non-safepoint VM operation: HandshakeAllThreads (Deoptimize) done
Event: 2.147 Executing safepoint VM operation: Cleanup
Event: 2.148 Executing safepoint VM operation: Cleanup done
Event: 3.421 Executing safepoint VM operation: ParallelGCFailedAllocation (Allocation Failure)
Event: 3.424 Executing safepoint VM operation: ParallelGCFailedAllocation (Allocation Failure) done
Event: 3.445 Executing non-safepoint VM operation: HandshakeAllThreads (Deoptimize)
Event: 3.445 Executing non-safepoint VM operation: HandshakeAllThreads (Deoptimize) done
Event: 3.712 Executing safepoint VM operation: ICBufferFull
Event: 3.712 Executing safepoint VM operation: ICBufferFull done
Event: 4.725 Executing safepoint VM operation: Cleanup
Event: 4.756 Executing safepoint VM operation: Cleanup done
Event: 6.758 Executing safepoint VM operation: Cleanup
Event: 6.805 Executing safepoint VM operation: Cleanup done
Event: 7.806 Executing safepoint VM operation: Cleanup

Memory protections (0 events):
No events

Nmethod flushes (0 events):
No events

Events (20 events):
Event: 0.078 Thread 0x0000021b9b02d780 Thread added: 0x0000021b9b02ebf0
Event: 0.078 Thread 0x0000021b9b02d780 Thread added: 0x0000021b9b02de50
Event: 0.084 Thread 0x0000021b9b0277c0 Thread added: 0x0000021b9b02bc40
Event: 0.094 Thread 0x0000021b42093060 Thread added: 0x0000021b58b29c60
Event: 0.115 Thread 0x0000021b9b02bc40 Thread added: 0x0000021b9b02e520
Event: 0.207 Thread 0x0000021b42093060 Thread added: 0x0000021b58b2b6a0
Event: 0.256 Thread 0x0000021b9b02de50 Thread added: 0x0000021b9b02b570
Event: 0.257 Thread 0x0000021b9b02e520 Thread added: 0x0000021b9b02c310
Event: 0.656 Thread 0x0000021b42093060 Thread added: 0x0000021b58b28220
Event: 0.768 Thread 0x0000021b42093060 Thread added: 0x0000021b58b288b0
Event: 0.786 Thread 0x0000021b58b288b0 Thread added: 0x0000021b58b28f40
Event: 0.789 Thread 0x0000021b42093060 Thread added: 0x0000021ba2506200
Event: 1.025 Thread 0x0000021ba2506200 Thread added: 0x0000021ba2506890
Event: 1.478 Thread 0x0000021b9b02c310 Thread exited: 0x0000021b9b02c310
Event: 1.588 Thread 0x0000021b9b02b570 Thread exited: 0x0000021b9b02b570
Event: 1.589 Thread 0x0000021b9b02bc40 Thread exited: 0x0000021b9b02bc40
Event: 3.318 Thread 0x0000021b9b02e520 Thread exited: 0x0000021b9b02e520
Event: 3.438 Thread 0x0000021ba2506200 Thread added: 0x0000021ba2506f20
Event: 3.571 Thread 0x0000021b9b0277c0 Thread added: 0x0000021b9b02e520
Event: 5.756 Thread 0x0000021b9b02de50 Thread added: 0x0000021b9b02bc40


Dynamic libraries:
0x00007ff637de0000 - 0x00007ff637dee000 	c:\Users\Tyler\.vscode\extensions\redhat.java-1.54.0-win32-x64\jre\21.0.10-win32-x86_64\bin\java.exe
0x00007ffd87c80000 - 0x00007ffd87ee7000 	C:\WINDOWS\SYSTEM32\ntdll.dll
0x00007ffd86070000 - 0x00007ffd86139000 	C:\WINDOWS\System32\KERNEL32.DLL
0x00007ffd852b0000 - 0x00007ffd856a7000 	C:\WINDOWS\System32\KERNELBASE.dll
0x00007ffd81ff0000 - 0x00007ffd82090000 	C:\WINDOWS\SYSTEM32\apphelp.dll
0x00007ffd846b0000 - 0x00007ffd847fb000 	C:\WINDOWS\System32\ucrtbase.dll
0x00007ffd68230000 - 0x00007ffd68248000 	c:\Users\Tyler\.vscode\extensions\redhat.java-1.54.0-win32-x64\jre\21.0.10-win32-x86_64\bin\jli.dll
0x00007ffd68170000 - 0x00007ffd6818e000 	c:\Users\Tyler\.vscode\extensions\redhat.java-1.54.0-win32-x64\jre\21.0.10-win32-x86_64\bin\VCRUNTIME140.dll
0x00007ffd87410000 - 0x00007ffd875d6000 	C:\WINDOWS\System32\USER32.dll
0x00007ffd85280000 - 0x00007ffd852a7000 	C:\WINDOWS\System32\win32u.dll
0x00007ffd872b0000 - 0x00007ffd872db000 	C:\WINDOWS\System32\GDI32.dll
0x00007ffd721a0000 - 0x00007ffd72432000 	C:\WINDOWS\WinSxS\amd64_microsoft.windows.common-controls_6595b64144ccf1df_6.0.26100.8457_none_3e0b2faee331e92d\COMCTL32.dll
0x00007ffd868d0000 - 0x00007ffd86979000 	C:\WINDOWS\System32\msvcrt.dll
0x00007ffd856b0000 - 0x00007ffd857dc000 	C:\WINDOWS\System32\gdi32full.dll
0x00007ffd85950000 - 0x00007ffd859f3000 	C:\WINDOWS\System32\msvcp_win.dll
0x00007ffd86670000 - 0x00007ffd866a2000 	C:\WINDOWS\System32\IMM32.DLL
0x00007ffd70160000 - 0x00007ffd7016c000 	c:\Users\Tyler\.vscode\extensions\redhat.java-1.54.0-win32-x64\jre\21.0.10-win32-x86_64\bin\vcruntime140_1.dll
0x00007ffd26520000 - 0x00007ffd265ad000 	c:\Users\Tyler\.vscode\extensions\redhat.java-1.54.0-win32-x64\jre\21.0.10-win32-x86_64\bin\msvcp140.dll
0x00007ffcd51d0000 - 0x00007ffcd5f71000 	c:\Users\Tyler\.vscode\extensions\redhat.java-1.54.0-win32-x64\jre\21.0.10-win32-x86_64\bin\server\jvm.dll
0x00007ffd871f0000 - 0x00007ffd872a6000 	C:\WINDOWS\System32\ADVAPI32.dll
0x00007ffd87360000 - 0x00007ffd87407000 	C:\WINDOWS\System32\sechost.dll
0x00007ffd86150000 - 0x00007ffd86268000 	C:\WINDOWS\System32\RPCRT4.dll
0x00007ffd85ca0000 - 0x00007ffd85d20000 	C:\WINDOWS\System32\WS2_32.dll
0x00007ffd84460000 - 0x00007ffd844be000 	C:\WINDOWS\SYSTEM32\POWRPROF.dll
0x00007ffd7e1e0000 - 0x00007ffd7e1eb000 	C:\WINDOWS\SYSTEM32\VERSION.dll
0x00007ffd74a60000 - 0x00007ffd74a96000 	C:\WINDOWS\SYSTEM32\WINMM.dll
0x00007ffd84340000 - 0x00007ffd84354000 	C:\WINDOWS\SYSTEM32\UMPDC.dll
0x00007ffd83400000 - 0x00007ffd8341b000 	C:\WINDOWS\SYSTEM32\kernel.appcore.dll
0x00007ffd70060000 - 0x00007ffd7006a000 	c:\Users\Tyler\.vscode\extensions\redhat.java-1.54.0-win32-x64\jre\21.0.10-win32-x86_64\bin\jimage.dll
0x00007ffd6ccc0000 - 0x00007ffd6cf02000 	C:\WINDOWS\SYSTEM32\DBGHELP.DLL
0x00007ffd86280000 - 0x00007ffd86603000 	C:\WINDOWS\System32\combase.dll
0x00007ffd86990000 - 0x00007ffd86a69000 	C:\WINDOWS\System32\OLEAUT32.dll
0x00007ffd62080000 - 0x00007ffd620bb000 	C:\WINDOWS\SYSTEM32\dbgcore.DLL
0x00007ffd857e0000 - 0x00007ffd85888000 	C:\WINDOWS\System32\bcryptPrimitives.dll
0x00007ffd6c7b0000 - 0x00007ffd6c7bf000 	c:\Users\Tyler\.vscode\extensions\redhat.java-1.54.0-win32-x64\jre\21.0.10-win32-x86_64\bin\instrument.dll
0x00007ffd68050000 - 0x00007ffd68070000 	c:\Users\Tyler\.vscode\extensions\redhat.java-1.54.0-win32-x64\jre\21.0.10-win32-x86_64\bin\java.dll
0x00007ffd86a70000 - 0x00007ffd871de000 	C:\WINDOWS\System32\SHELL32.dll
0x00007ffd84a10000 - 0x00007ffd8527c000 	C:\WINDOWS\System32\windows.storage.dll
0x00007ffd86740000 - 0x00007ffd86836000 	C:\WINDOWS\System32\SHCORE.dll
0x00007ffd87a70000 - 0x00007ffd87ad6000 	C:\WINDOWS\System32\shlwapi.dll
0x00007ffd845d0000 - 0x00007ffd845f9000 	C:\WINDOWS\SYSTEM32\profapi.dll
0x00007ffd67850000 - 0x00007ffd67868000 	c:\Users\Tyler\.vscode\extensions\redhat.java-1.54.0-win32-x64\jre\21.0.10-win32-x86_64\bin\zip.dll
0x00007ffd6c240000 - 0x00007ffd6c250000 	C:\Users\Tyler\.vscode\extensions\redhat.java-1.54.0-win32-x64\jre\21.0.10-win32-x86_64\bin\net.dll
0x00007ffd7de40000 - 0x00007ffd7df69000 	C:\WINDOWS\SYSTEM32\WINHTTP.dll
0x00007ffd83950000 - 0x00007ffd839bc000 	C:\WINDOWS\system32\mswsock.dll
0x00007ffd6c0c0000 - 0x00007ffd6c0d6000 	C:\Users\Tyler\.vscode\extensions\redhat.java-1.54.0-win32-x64\jre\21.0.10-win32-x86_64\bin\nio.dll
0x00007ffd6c0b0000 - 0x00007ffd6c0c0000 	c:\Users\Tyler\.vscode\extensions\redhat.java-1.54.0-win32-x64\jre\21.0.10-win32-x86_64\bin\verify.dll
0x00007ffd68080000 - 0x00007ffd680c5000 	C:\Users\Tyler\AppData\Roaming\Code\User\globalStorage\redhat.java\1.54.0\config_win\org.eclipse.equinox.launcher\org.eclipse.equinox.launcher.win32.win32.x86_64_1.3.0.v20260203-2149\eclipse_11919.dll
0x00007ffd85a00000 - 0x00007ffd85b97000 	C:\WINDOWS\System32\ole32.dll

JVMTI agents:
c:\Users\Tyler\.vscode\extensions\redhat.java-1.54.0-win32-x64\lombok\lombok-1.18.39-4050.jar path:c:\Users\Tyler\.vscode\extensions\redhat.java-1.54.0-win32-x64\jre\21.0.10-win32-x86_64\bin\instrument.dll, loaded, initialized, instrumentlib options:none

dbghelp: loaded successfully - version: 4.0.5 - missing functions: none
symbol engine: initialized successfully - sym options: 0x614 - pdb path: .;c:\Users\Tyler\.vscode\extensions\redhat.java-1.54.0-win32-x64\jre\21.0.10-win32-x86_64\bin;C:\WINDOWS\SYSTEM32;C:\WINDOWS\WinSxS\amd64_microsoft.windows.common-controls_6595b64144ccf1df_6.0.26100.8457_none_3e0b2faee331e92d;c:\Users\Tyler\.vscode\extensions\redhat.java-1.54.0-win32-x64\jre\21.0.10-win32-x86_64\bin\server;C:\Users\Tyler\AppData\Roaming\Code\User\globalStorage\redhat.java\1.54.0\config_win\org.eclipse.equinox.launcher\org.eclipse.equinox.launcher.win32.win32.x86_64_1.3.0.v20260203-2149

VM Arguments:
jvm_args: --add-modules=ALL-SYSTEM --add-opens=java.base/java.util=ALL-UNNAMED --add-opens=java.base/java.lang=ALL-UNNAMED --add-opens=java.base/sun.nio.fs=ALL-UNNAMED -Declipse.application=org.eclipse.jdt.ls.core.id1 -Dosgi.bundles.defaultStartLevel=4 -Declipse.product=org.eclipse.jdt.ls.core.product -Djava.import.generatesMetadataFilesAtProjectRoot=false -DDetectVMInstallationsJob.disabled=true -Dfile.encoding=utf8 -XX:+UseParallelGC -XX:GCTimeRatio=4 -XX:AdaptiveSizePolicyWeight=90 -Dsun.zip.disableMemoryMapping=true -Xmx2G -Xms100m -Xlog:disable -javaagent:c:\Users\Tyler\.vscode\extensions\redhat.java-1.54.0-win32-x64\lombok\lombok-1.18.39-4050.jar -XX:+HeapDumpOnOutOfMemoryError -XX:HeapDumpPath=c:\Users\Tyler\AppData\Roaming\Code\User\workspaceStorage\cbda682262be416c58290af61ae698e7\redhat.java -Daether.dependencyCollector.impl=bf 
java_command: c:\Users\Tyler\.vscode\extensions\redhat.java-1.54.0-win32-x64\server\plugins\org.eclipse.equinox.launcher_1.7.100.v20251111-0406.jar -configuration c:\Users\Tyler\AppData\Roaming\Code\User\globalStorage\redhat.java\1.54.0\config_win -data c:\Users\Tyler\AppData\Roaming\Code\User\workspaceStorage\cbda682262be416c58290af61ae698e7\redhat.java\jdt_ws --pipe=\\.\pipe\lsp-43914bae18fd0e14cd249936ca5dba6b-sock
java_class_path (initial): c:\Users\Tyler\.vscode\extensions\redhat.java-1.54.0-win32-x64\server\plugins\org.eclipse.equinox.launcher_1.7.100.v20251111-0406.jar
Launcher Type: SUN_STANDARD

[Global flags]
    uintx AdaptiveSizePolicyWeight                 = 90                                        {product} {command line}
     intx CICompilerCount                          = 12                                        {product} {ergonomic}
    uintx GCTimeRatio                              = 4                                         {product} {command line}
     bool HeapDumpOnOutOfMemoryError               = true                                   {manageable} {command line}
    ccstr HeapDumpPath                             = c:\Users\Tyler\AppData\Roaming\Code\User\workspaceStorage\cbda682262be416c58290af61ae698e7\redhat.java         {manageable} {command line}
   size_t InitialHeapSize                          = 104857600                                 {product} {command line}
   size_t MaxHeapSize                              = 2147483648                                {product} {command line}
   size_t MaxNewSize                               = 715653120                                 {product} {ergonomic}
   size_t MinHeapDeltaBytes                        = 524288                                    {product} {ergonomic}
   size_t MinHeapSize                              = 104857600                                 {product} {command line}
   size_t NewSize                                  = 34603008                                  {product} {ergonomic}
    uintx NonNMethodCodeHeapSize                   = 7602480                                {pd product} {ergonomic}
    uintx NonProfiledCodeHeapSize                  = 122027880                              {pd product} {ergonomic}
   size_t OldSize                                  = 70254592                                  {product} {ergonomic}
    uintx ProfiledCodeHeapSize                     = 122027880                              {pd product} {ergonomic}
    uintx ReservedCodeCacheSize                    = 251658240                              {pd product} {ergonomic}
     bool SegmentedCodeCache                       = true                                      {product} {ergonomic}
   size_t SoftMaxHeapSize                          = 2147483648                             {manageable} {ergonomic}
     bool UseCompressedOops                        = true                           {product lp64_product} {ergonomic}
     bool UseLargePagesIndividualAllocation        = false                                  {pd product} {ergonomic}
     bool UseParallelGC                            = true                                      {product} {command line}

Logging:
Log output configuration:
 #0: stdout all=off uptime,level,tags foldmultilines=false
 #1: stderr all=off uptime,level,tags foldmultilines=false

Release file:
JAVA_VERSION="21.0.10" 
MODULES="java.base java.compiler java.datatransfer java.xml java.prefs java.desktop java.instrument java.logging java.management java.security.sasl java.naming java.rmi java.management.rmi java.net.http java.scripting java.security.jgss java.transaction.xa java.sql java.sql.rowset java.xml.crypto java.se java.smartcardio jdk.accessibility jdk.internal.jvmstat jdk.attach jdk.charsets jdk.internal.opt jdk.zipfs jdk.compiler jdk.crypto.ec jdk.crypto.cryptoki jdk.crypto.mscapi jdk.dynalink jdk.internal.ed jdk.editpad jdk.hotspot.agent jdk.httpserver jdk.internal.le jdk.internal.vm.ci jdk.internal.vm.compiler jdk.internal.vm.compiler.management jdk.jartool jdk.javadoc jdk.jcmd jdk.management jdk.management.agent jdk.jconsole jdk.jdeps jdk.jdwp.agent jdk.jdi jdk.jfr jdk.jshell jdk.jsobject jdk.jstatd jdk.localedata jdk.management.jfr jdk.naming.dns jdk.naming.rmi jdk.net jdk.nio.mapmode jdk.random jdk.sctp jdk.security.auth jdk.security.jgss jdk.unsupported jdk.unsupported.desktop jdk.xml.dom" 

Environment Variables:
JAVA_HOME=C:\Program Files\Amazon Corretto\jdk17.0.19_10
PATH=C:\Program Files\Amazon Corretto\jdk17.0.19_10\bin;C:\WINDOWS\system32;C:\WINDOWS;C:\WINDOWS\System32\Wbem;C:\WINDOWS\System32\WindowsPowerShell\v1.0\;C:\WINDOWS\System32\OpenSSH\;C:\Program Files\PuTTY\;C:\Program Files\TortoiseSVN\bin;C:\Program Files\Git\cmd;C:\Program Files\PostgreSQL\18\bin;C:\Program Files\Apache Maven\bin;;C:\Program Files\Docker\Docker\resources\bin;C:\Users\Tyler\AppData\Local\Microsoft\WindowsApps;C:\Users\Tyler\AppData\Local\Programs\Microsoft VS Code\bin;C:\Users\Tyler\AppData\Local\GitHubDesktop\bin;C:\Program Files\Apache Maven\bin;C:\Program Files\PostgreSQL\18\bin;
USERNAME=Tyler
OS=Windows_NT
PROCESSOR_IDENTIFIER=AMD64 Family 23 Model 113 Stepping 0, AuthenticAMD
TMP=C:\Users\Tyler\AppData\Local\Temp
TEMP=C:\Users\Tyler\AppData\Local\Temp




Periodic native trim disabled

---------------  S Y S T E M  ---------------

OS:
 Windows 11 , 64 bit Build 26100 (10.0.26100.8328)
OS uptime: 4 days 23:37 hours
Hyper-V role detected

CPU: total 24 (initial active 24) (24 cores per cpu, 2 threads per core) family 23 model 113 stepping 0 microcode 0x8701033, cx8, cmov, fxsr, ht, mmx, 3dnowpref, sse, sse2, sse3, ssse3, sse4a, sse4.1, sse4.2, popcnt, lzcnt, tsc, tscinvbit, avx, avx2, aes, clmul, bmi1, bmi2, adx, sha, fma, vzeroupper, clflush, clflushopt, hv, rdtscp, rdpid, f16c
Processor Information for the first 24 processors :
  Max Mhz: 3801, Current Mhz: 3801, Mhz Limit: 3801

Memory: 4k page, system-wide physical 65424M (2471M free)
TotalPageFile size 126358M (AvailPageFile size 3M)
current process WorkingSet (physical memory assigned to process): 122M, peak: 125M
current process commit charge ("private bytes"): 289M, peak: 294M

vm_info: OpenJDK 64-Bit Server VM (21.0.10+7-LTS) for windows-amd64 JRE (21.0.10+7-LTS), built on 2026-01-20T00:00:00Z by "admin" with MS VC++ 17.12 (VS2022)

END.
